<html>
<body>
<pre>
<h1>礦ision Build Log</h1>
<h2>Tool Versions:</h2>
IDE-Version: μVision V5.14.0.0
Copyright (C) 2015 ARM Ltd and ARM Germany GmbH. All rights reserved.
License Information: 1 Tequila Sunset, 1, LIC=----
 
Tool Versions:
Toolchain:       MDK-Lite  Version: 5.14.0.0
Toolchain Path:  D:\Program Files (x86)\mdk5\ARM\ARMCC\Bin
C Compiler:      Armcc.exe V5.05 update 1 (build 106)
Assembler:       Armasm.exe V5.05 update 1 (build 106)
Linker/Locator:  ArmLink.exe V5.05 update 1 (build 106)
Library Manager: ArmAr.exe V5.05 update 1 (build 106)
Hex Converter:   FromElf.exe V5.05 update 1 (build 106)
CPU DLL:         SARMCM3.DLL V5.14.0.0
Dialog DLL:      DARMSTM.DLL V1.65.0.0
Target DLL:      STLink\ST-LINKIII-KEIL_SWO.dll V2.0.14.0_KEIL
Dialog DLL:      TARMSTM.DLL V1.64.0.0
 
<h2>Project:</h2>
D:\课程\毕业设计\code\实验0-1 Template工程模板-新建工程章节使用\USER\Template.uvprojx
Project File Date:  11/09/2019

<h2>Output:</h2>
Build target 'Template'
compiling main.c...
compiling stm32f1xx_hal_msp.c...
compiling stm32f1xx_it.c...
compiling system_stm32f1xx.c...
compiling stm32f1xx_hal.c...
compiling stm32f1xx_hal_adc.c...
compiling stm32f1xx_hal_adc_ex.c...
compiling stm32f1xx_hal_can.c...
compiling stm32f1xx_hal_cec.c...
compiling stm32f1xx_hal_cortex.c...
compiling stm32f1xx_hal_crc.c...
compiling stm32f1xx_hal_dac.c...
compiling stm32f1xx_hal_dac_ex.c...
compiling stm32f1xx_hal_dma.c...
compiling stm32f1xx_hal_eth.c...
compiling stm32f1xx_hal_exti.c...
compiling stm32f1xx_hal_flash.c...
compiling stm32f1xx_hal_flash_ex.c...
compiling stm32f1xx_hal_gpio.c...
compiling stm32f1xx_hal_gpio_ex.c...
compiling stm32f1xx_hal_hcd.c...
compiling stm32f1xx_hal_i2c.c...
compiling stm32f1xx_hal_i2s.c...
compiling stm32f1xx_hal_irda.c...
compiling stm32f1xx_hal_iwdg.c...
compiling stm32f1xx_hal_mmc.c...
compiling stm32f1xx_hal_nand.c...
compiling stm32f1xx_hal_nor.c...
compiling stm32f1xx_hal_pccard.c...
compiling stm32f1xx_hal_pcd.c...
compiling stm32f1xx_hal_pcd_ex.c...
compiling stm32f1xx_hal_pwr.c...
compiling stm32f1xx_hal_rcc.c...
compiling stm32f1xx_hal_rcc_ex.c...
compiling stm32f1xx_hal_rtc.c...
compiling stm32f1xx_hal_rtc_ex.c...
compiling stm32f1xx_hal_sd.c...
compiling stm32f1xx_hal_smartcard.c...
compiling stm32f1xx_hal_spi.c...
compiling stm32f1xx_hal_sram.c...
compiling stm32f1xx_hal_tim.c...
compiling stm32f1xx_hal_tim_ex.c...
compiling stm32f1xx_hal_uart.c...
compiling stm32f1xx_hal_usart.c...
compiling stm32f1xx_hal_wwdg.c...
compiling stm32f1xx_ll_adc.c...
compiling stm32f1xx_ll_crc.c...
compiling stm32f1xx_ll_dac.c...
compiling stm32f1xx_ll_dma.c...
compiling stm32f1xx_ll_exti.c...
compiling stm32f1xx_ll_fsmc.c...
compiling stm32f1xx_ll_gpio.c...
compiling stm32f1xx_ll_i2c.c...
compiling stm32f1xx_ll_pwr.c...
compiling stm32f1xx_ll_rcc.c...
compiling stm32f1xx_ll_rtc.c...
compiling stm32f1xx_ll_sdmmc.c...
compiling stm32f1xx_ll_spi.c...
compiling stm32f1xx_ll_tim.c...
compiling stm32f1xx_ll_usart.c...
compiling stm32f1xx_ll_usb.c...
compiling stm32f1xx_ll_utils.c...
compiling delay.c...
compiling sys.c...
compiling usart.c...
linking...
Program Size: Code=5160 RO-data=360 RW-data=24 ZI-data=1896  
FromELF: creating hex file...
"..\OBJ\Template.axf" - 0 Error(s), 0 Warning(s).

<h2>Collection of Component include folders:</h2>
  D:\课程\毕业设计\code\实验0-1 Template工程模板-新建工程章节使用\USER\RTE
  D:\Program Files (x86)\mdk5\ARM\PACK\Keil\STM32F1xx_DFP\1.0.5\Device\Include

<h2>Collection of Component Files used:</h2>
</pre>
</body>
</html>
